hooks/useClientChat.ts(6,22): error TS2305: Module '"ai"' has no exported member 'CoreMessage'.
hooks/useClientChat.ts(113,17): error TS2353: Object literal may only specify known properties, and 'maxSteps' does not exist in type 'CallSettings & { system?: string | SystemModelMessage | SystemModelMessage[] | undefined; } & { messages: ModelMessage[]; prompt?: undefined; } & { ...; }'.
hooks/useClientChat.ts(124,42): error TS2339: Property 'args' does not exist on type 'TypedToolCall<Record<string, any>>'.
  Property 'args' does not exist on type 'DynamicToolCall'.
lib/ai/clientTools.ts(23,13): error TS2769: No overload matches this call.
  The last overload gave the following error.
    Type '({ labelName }: { labelName: any; }) => Promise<{ success: boolean; count: number; notes: { id: string; heading: string; labelName: string; created_at: string; hasContent: boolean; }[]; error?: undefined; } | { success: boolean; error: string; count?: undefined; notes?: undefined; }>' is not assignable to type 'undefined'.
lib/ai/clientTools.ts(23,31): error TS7031: Binding element 'labelName' implicitly has an 'any' type.
lib/ai/clientTools.ts(33,13): error TS2769: No overload matches this call.
  The last overload gave the following error.
    Type '({ noteIds }: { noteIds: any; }) => Promise<{ success: boolean; error: string; count?: undefined; notes?: undefined; } | { success: boolean; count: number; notes: { id: string; heading: string; content: string; htmlContent: string; labelName: string; backgroundColor: string; created_at: string; }[]; error?: undefine...' is not assignable to type 'undefined'.
lib/ai/clientTools.ts(33,31): error TS7031: Binding element 'noteIds' implicitly has an 'any' type.
lib/ai/clientTools.ts(41,13): error TS2769: No overload matches this call.
  The last overload gave the following error.
    Type '() => Promise<{ success: boolean; labels: { id: string; name: string; color: string; notesCount: number; }[]; error?: undefined; } | { success: boolean; error: string; labels?: undefined; }>' is not assignable to type 'undefined'.
lib/ai/clientTools.ts(53,13): error TS2769: No overload matches this call.
  The last overload gave the following error.
    Type '({ year }: { year: any; }) => Promise<{ success: boolean; year: number; count: number; dates: { id: string; date: Date; createdAt: Date; hasContent: boolean; }[]; error?: undefined; } | { success: boolean; error: string; year?: undefined; count?: undefined; dates?: undefined; }>' is not assignable to type 'undefined'.
lib/ai/clientTools.ts(53,31): error TS7031: Binding element 'year' implicitly has an 'any' type.
lib/ai/clientTools.ts(64,13): error TS2769: No overload matches this call.
  The last overload gave the following error.
    Type '({ startDate, endDate }: { startDate: any; endDate: any; }) => Promise<{ success: boolean; count: number; startDate: string; endDate: string; entries: { id: string; date: Date; content: Block[]; createdAt: Date; updatedAt: Date; }[]; error?: undefined; } | { ...; }>' is not assignable to type 'undefined'.
lib/ai/clientTools.ts(64,31): error TS7031: Binding element 'startDate' implicitly has an 'any' type.
lib/ai/clientTools.ts(64,42): error TS7031: Binding element 'endDate' implicitly has an 'any' type.
lib/ai/clientTools.ts(74,13): error TS2769: No overload matches this call.
  The last overload gave the following error.
    Type '() => Promise<{ success: boolean; error: string; count?: undefined; habits?: undefined; } | { success: boolean; count: number; habits: { habitKey: string; name: any; category: string; type: any; config: string; }[]; error?: undefined; }>' is not assignable to type 'undefined'.
lib/ai/clientTools.ts(85,13): error TS2769: No overload matches this call.
  The last overload gave the following error.
    Type '({ startDate, endDate }: { startDate: any; endDate: any; }) => Promise<{ success: boolean; error: string; count?: undefined; startDate?: undefined; endDate?: undefined; records?: undefined; } | { success: boolean; count: number; startDate: string; endDate: string; records: dayEntry[]; error?: undefined; }>' is not assignable to type 'undefined'.
lib/ai/clientTools.ts(85,31): error TS7031: Binding element 'startDate' implicitly has an 'any' type.
lib/ai/clientTools.ts(85,42): error TS7031: Binding element 'endDate' implicitly has an 'any' type.
lib/ai/clientTools.ts(93,13): error TS2769: No overload matches this call.
  The last overload gave the following error.
    Type '() => Promise<{ success: boolean; error: string; template?: undefined; } | { success: boolean; template: habitTemplateType | undefined; error?: undefined; }>' is not assignable to type 'undefined'.
